// Jest Snapshot v1, https://goo.gl/fbAQLP

exports[`Snapshot Sections Section Loader Component 1`] = `<div />`;
